// Jest Snapshot v1, https://goo.gl/fbAQLP

exports[`Renders basic ComponentA 1`] = `
<div>
  Component A
</div>
`;
